; wrote /root/.cache/common-lisp/sbcl-2.6.3-linux-arm64/limn/backend/limn-default-config-tmpP44I4E0Y.fasl
; compilation finished in 0:00:00.005
; compiling file "/limn/backend/limn.lisp" (written 27 MAY 2026 12:22:54 AM):

; wrote /root/.cache/common-lisp/sbcl-2.6.3-linux-arm64/limn/backend/limn-tmp63LQ7EX6.fasl
; compilation finished in 0:00:00.035

; file: /limn/backend/limn-pdf-mode.lisp
; in: DEFUN LIMN/PDF-MODE::%BOOKMARK-PATH-FOR-BUFFER
;     (GETHASH BUFFER-ID LIMN/PDF-MODE::*BUFFER-ID-TO-PATH*)
; 
; caught WARNING:
;   undefined variable: LIMN/PDF-MODE::*BUFFER-ID-TO-PATH*

; in: DEFUN LIMN/PDF-MODE::%CURRENT-PDF-PATH
;     (GETHASH BID LIMN/PDF-MODE::*BUFFER-ID-TO-PATH*)
; 
; caught WARNING:
;   undefined variable: LIMN/PDF-MODE::*BUFFER-ID-TO-PATH*


; file: /limn/backend/limn-file.lisp
; in: DEFUN LIMN/FILE:BUFFER-WIRE-ID
;     (GETHASH LIMN/FILE::BUF-ID LIMN/FILE::*BUFS*)
; 
; caught WARNING:
;   undefined variable: LIMN/FILE::*BUFS*
; 
; compilation unit finished
;   Undefined variables:
;     LIMN/PDF-MODE::*BUFFER-ID-TO-PATH* LIMN/FILE::*BUFS*
;   caught 3 WARNING conditions
;   printed 6 notes

── W22 keybind + hot-reload ──
;; loaded init: /tmp/.limn/init.lisp
XGetWindowProperty[_NET_WM_DESKTOP] failed (code=1)
  ✓ setup: engine-load tutorial.pdf   [ok]

── Phase A: empty init, press 'v' (expect no canary) ──
  ✓ A.1 'v' produces no canary (no binding yet)   [canary: NIL (should be NIL)]

── Phase B: rewrite init.lisp + reload + press 'v' ──
;; reload-init-file: /tmp/.limn/init.lisp
  ✓ B.1 after reload, 'v' triggers canary write   [canary: "V_KEY_PRESSED"]

── Phase C: pre-existing 'n' binding still works ──
  ✓ C.1 'n' still advances page (reload didn't break it)   [page=1]

── W22 result: 4 / 4 pass ──
