; wrote /root/.cache/common-lisp/sbcl-2.6.3-linux-arm64/limn/backend/limn-auto-revert-tmp4QIPRMOF.fasl
; compilation finished in 0:00:00.019
; compiling file "/limn/backend/limn-indent.lisp" (written 26 MAY 2026 11:43:09 AM):

; wrote /root/.cache/common-lisp/sbcl-2.6.3-linux-arm64/limn/backend/limn-indent-tmpGW0QV22K.fasl
; compilation finished in 0:00:00.036
; compiling file "/limn/backend/limn-query-replace.lisp" (written 26 MAY 2026 02:21:07 PM):

; wrote /root/.cache/common-lisp/sbcl-2.6.3-linux-arm64/limn/backend/limn-query-replace-tmp2K9J0HSR.fasl
; compilation finished in 0:00:00.036
; compiling file "/limn/backend/limn-default-config.lisp" (written 26 MAY 2026 02:21:24 PM):

; wrote /root/.cache/common-lisp/sbcl-2.6.3-linux-arm64/limn/backend/limn-default-config-tmpP44I4E0Y.fasl
; compilation finished in 0:00:00.006
; compiling file "/limn/backend/limn.lisp" (written 26 MAY 2026 09:22:05 PM):

; wrote /root/.cache/common-lisp/sbcl-2.6.3-linux-arm64/limn/backend/limn-tmp63LQ7EX6.fasl
; compilation finished in 0:00:00.037

; file: /limn/backend/limn-pdf-mode.lisp
; in: DEFUN LIMN/PDF-MODE::%BOOKMARK-PATH-FOR-BUFFER
;     (GETHASH BUFFER-ID LIMN/PDF-MODE::*BUFFER-ID-TO-PATH*)
; 
; caught WARNING:
;   undefined variable: LIMN/PDF-MODE::*BUFFER-ID-TO-PATH*

; in: DEFUN LIMN/PDF-MODE::%CURRENT-PDF-PATH
;     (GETHASH BID LIMN/PDF-MODE::*BUFFER-ID-TO-PATH*)
; 
; caught WARNING:
;   undefined variable: LIMN/PDF-MODE::*BUFFER-ID-TO-PATH*
; 
; compilation unit finished
;   Undefined variable:
;     LIMN/PDF-MODE::*BUFFER-ID-TO-PATH*
;   caught 2 WARNING conditions
;   printed 6 notes

── W19 query-replace-regexp 互動 ──
  ✓ A.1 file open
  ✗ A.2 query-replace-regexp 在 :cl-user package   [sym=QUERY-REPLACE-REGEXP fboundp=NIL]
  ✓ A.3 query-replace-regexp 在 defcommand registry   [in-registry=#S(COMMAND
               :NAME QUERY-REPLACE-REGEXP
               :SPEC NIL
               :MODE NIL
               :BODY #<FUNCTION (LAMBDA ()
                                  :IN
                                  LIMN/DEFAULT-CONFIG:INSTALL-DEFAULT-COMMANDS) {10079448DB}>)]

── W19 result: 2 / 3 pass ──
