; wrote /root/.cache/common-lisp/sbcl-2.6.3-linux-arm64/limn/backend/limn-auto-revert-tmp4QIPRMOF.fasl
; compilation finished in 0:00:00.018
; compiling file "/limn/backend/limn-indent.lisp" (written 26 MAY 2026 11:43:09 AM):

; wrote /root/.cache/common-lisp/sbcl-2.6.3-linux-arm64/limn/backend/limn-indent-tmpGW0QV22K.fasl
; compilation finished in 0:00:00.027
; compiling file "/limn/backend/limn-query-replace.lisp" (written 26 MAY 2026 02:21:07 PM):

; wrote /root/.cache/common-lisp/sbcl-2.6.3-linux-arm64/limn/backend/limn-query-replace-tmp2K9J0HSR.fasl
; compilation finished in 0:00:00.031
; compiling file "/limn/backend/limn-default-config.lisp" (written 26 MAY 2026 02:21:24 PM):

; wrote /root/.cache/common-lisp/sbcl-2.6.3-linux-arm64/limn/backend/limn-default-config-tmpP44I4E0Y.fasl
; compilation finished in 0:00:00.005
; compiling file "/limn/backend/limn.lisp" (written 26 MAY 2026 02:41:29 PM):

; wrote /root/.cache/common-lisp/sbcl-2.6.3-linux-arm64/limn/backend/limn-tmp63LQ7EX6.fasl
; compilation finished in 0:00:00.031

; file: /limn/backend/limn-pdf-mode.lisp
; in: DEFUN LIMN/PDF-MODE::%BOOKMARK-PATH-FOR-BUFFER
;     (GETHASH BUFFER-ID LIMN/PDF-MODE::*BUFFER-ID-TO-PATH*)
; 
; caught WARNING:
;   undefined variable: LIMN/PDF-MODE::*BUFFER-ID-TO-PATH*

; in: DEFUN LIMN/PDF-MODE::%CURRENT-PDF-PATH
;     (GETHASH BID LIMN/PDF-MODE::*BUFFER-ID-TO-PATH*)
; 
; caught WARNING:
;   undefined variable: LIMN/PDF-MODE::*BUFFER-ID-TO-PATH*
; 
; compilation unit finished
;   Undefined variable:
;     LIMN/PDF-MODE::*BUFFER-ID-TO-PATH*
;   caught 2 WARNING conditions
;   printed 6 notes

── W04 TOC 導航 (`t` 開 TOC) ──
  baseline page = NIL

── press 't' (TOC) ──
  ✗ A.1 minibuffer/TOC chrome opened after 't'   [minibuffer state: err: Couldn't write to #<SB-SYS:FD-STREAM for "socket, peer: /tmp/limn-w04-1" {1007700773}>:
       Broken pipe]
  ✗ A.2 TOC jump changed page   [p0=NIL → p1=NIL]
  ✓ A.3 TOC closed after RET   [minibuffer: err]

── W04 result: 1 / 3 pass ──
  • A.1 minibuffer/TOC chrome opened after 't'
  • A.2 TOC jump changed page
