; caught STYLE-WARNING:
;   reading an ignored variable: S

; --> LET UNWIND-PROTECT FLET #:CLEANUP-FUN-0 BLOCK WHEN IF CLOSE 
; ==>
;   S
; 
; caught STYLE-WARNING:
;   reading an ignored variable: S
; 
; compilation unit finished
;   caught 2 STYLE-WARNING conditions
  ✓ setup: target path is empty zero-byte file   [/tmp/w20-fresh-1.txt]

; file: /host-tmp/w20-driver.lisp
; in:
;      LET* ((SOCK (FORMAT NIL "/tmp/limn-w20-~a" (SB-POSIX:GETPID)))
;        (LIMN-BIN (OR (SB-POSIX:GETENV "LIMN_BIN") "/limn/sioyek/limn"))
;        (PROC
;         (RUN-PROGRAM LIMN-BIN (LIST "--test-mode" "--socket" SOCK) :WAIT NIL
;                      :SEARCH NIL :OUTPUT "/tmp/limn-w20.log" :IF-OUTPUT-EXISTS
;                      :SUPERSEDE :ERROR ...)))
;     (LIMN/FILE:SAVE-BUFFER *W20-BUFID*)
; 
; caught WARNING:
;   undefined variable: COMMON-LISP-USER::*W20-BUFID*

;     (SETF *W20-BUFID* (CDR R))
; 
; caught WARNING:
;   undefined variable: COMMON-LISP-USER::*W20-BUFID*
; 
; compilation unit finished
;   Undefined variable:
;     *W20-BUFID*
;   caught 2 WARNING conditions
XGetWindowProperty[_NET_WM_DESKTOP] failed (code=1)

── Phase A: find-file empty path via direct call ──
  ✓ A.1 find-file empty path returns buffer-id   [buffer-id=limn-file-buf-1]
  ✓ A.2 buffer list contains the new path   [paths=(   /tmp/w20-fresh-1.txt)]

── Phase B: xdotool type 'hello' ──

── Phase C: save-buffer via direct call ──
  ✓ C.1 save-buffer returns without error   [ok]
  ✓ D.1 file exists on disk   [/tmp/w20-fresh-1.txt]
  ✓ D.2 file content is 'hello' (xdotool type landed in buffer)   [content: "hello"]

── W20 result: 6 / 6 pass ──
