; compilation finished in 0:00:00.029
; compiling file "/limn/backend/limn-query-replace.lisp" (written 26 MAY 2026 02:21:07 PM):

; wrote /root/.cache/common-lisp/sbcl-2.6.3-linux-arm64/limn/backend/limn-query-replace-tmp2K9J0HSR.fasl
; compilation finished in 0:00:00.037
; compiling file "/limn/backend/limn-default-config.lisp" (written 26 MAY 2026 02:21:24 PM):

; wrote /root/.cache/common-lisp/sbcl-2.6.3-linux-arm64/limn/backend/limn-default-config-tmpP44I4E0Y.fasl
; compilation finished in 0:00:00.006
; compiling file "/limn/backend/limn.lisp" (written 27 MAY 2026 12:22:54 AM):

; wrote /root/.cache/common-lisp/sbcl-2.6.3-linux-arm64/limn/backend/limn-tmp63LQ7EX6.fasl
; compilation finished in 0:00:00.039

; file: /limn/backend/limn-pdf-mode.lisp
; in: DEFUN LIMN/PDF-MODE::%BOOKMARK-PATH-FOR-BUFFER
;     (GETHASH BUFFER-ID LIMN/PDF-MODE::*BUFFER-ID-TO-PATH*)
; 
; caught WARNING:
;   undefined variable: LIMN/PDF-MODE::*BUFFER-ID-TO-PATH*

; in: DEFUN LIMN/PDF-MODE::%CURRENT-PDF-PATH
;     (GETHASH BID LIMN/PDF-MODE::*BUFFER-ID-TO-PATH*)
; 
; caught WARNING:
;   undefined variable: LIMN/PDF-MODE::*BUFFER-ID-TO-PATH*


; file: /limn/backend/limn-file.lisp
; in: DEFUN LIMN/FILE:BUFFER-WIRE-ID
;     (GETHASH LIMN/FILE::BUF-ID LIMN/FILE::*BUFS*)
; 
; caught WARNING:
;   undefined variable: LIMN/FILE::*BUFS*
; 
; compilation unit finished
;   Undefined variables:
;     LIMN/PDF-MODE::*BUFFER-ID-TO-PATH* LIMN/FILE::*BUFS*
;   caught 3 WARNING conditions
;   printed 6 notes

── W26 add-hook 驗證 ──
;; loaded init: /tmp/.limn/init.lisp

── engine-load tutorial.pdf (expect hook fire) ──
  ✓ setup: engine-load ok   [ok]
  ✓ A.1 hook fired on buffer-opened, canary written   [canary: "HOOK_FIRED path=/limn/sioyek/tutorial.pdf"]
  ✓ A.2 canary contains path=/limn/sioyek/tutorial.pdf   [canary: "HOOK_FIRED path=/limn/sioyek/tutorial.pdf"]

── W26 result: 3 / 3 pass ──
