; compilation finished in 0:00:00.032
; compiling file "/limn/backend/limn-default-config.lisp" (written 26 MAY 2026 02:21:24 PM):

; wrote /root/.cache/common-lisp/sbcl-2.6.3-linux-arm64/limn/backend/limn-default-config-tmpP44I4E0Y.fasl
; compilation finished in 0:00:00.005
; compiling file "/limn/backend/limn.lisp" (written 27 MAY 2026 12:22:54 AM):

; wrote /root/.cache/common-lisp/sbcl-2.6.3-linux-arm64/limn/backend/limn-tmp63LQ7EX6.fasl
; compilation finished in 0:00:00.034

; file: /limn/backend/limn-pdf-mode.lisp
; in: DEFUN LIMN/PDF-MODE::%BOOKMARK-PATH-FOR-BUFFER
;     (GETHASH BUFFER-ID LIMN/PDF-MODE::*BUFFER-ID-TO-PATH*)
; 
; caught WARNING:
;   undefined variable: LIMN/PDF-MODE::*BUFFER-ID-TO-PATH*

; in: DEFUN LIMN/PDF-MODE::%CURRENT-PDF-PATH
;     (GETHASH BID LIMN/PDF-MODE::*BUFFER-ID-TO-PATH*)
; 
; caught WARNING:
;   undefined variable: LIMN/PDF-MODE::*BUFFER-ID-TO-PATH*


; file: /limn/backend/limn-file.lisp
; in: DEFUN LIMN/FILE:BUFFER-WIRE-ID
;     (GETHASH LIMN/FILE::BUF-ID LIMN/FILE::*BUFS*)
; 
; caught WARNING:
;   undefined variable: LIMN/FILE::*BUFS*
; 
; compilation unit finished
;   Undefined variables:
;     LIMN/PDF-MODE::*BUFFER-ID-TO-PATH* LIMN/FILE::*BUFS*
;   caught 3 WARNING conditions
;   printed 6 notes

── W06 single-file search ──
  baseline overlay count = NIL

── press / ──
  ✓ A.1 / opens minibuffer for isearch   [minibuffer: (cursor 0 open T prompt Search:  text )]
  ✓ A.2 minibuffer contains 'the' after typing   [text="the"]
  after RET: overlay count = 122
  ✓ A.3 search produced overlays (hits highlighted)   [overlays=122]
  ✓ A.4 limn still alive after n/N navigation
  after C-g: overlay count = NIL
  ✓ A.5 C-g cleared search overlays   [overlays=NIL]

── W06 result: 5 / 5 pass ──
