;     (GETHASH BUFFER-ID LIMN/PDF-MODE::*BUFFER-ID-TO-PATH*)
; 
; caught WARNING:
;   undefined variable: LIMN/PDF-MODE::*BUFFER-ID-TO-PATH*

; in: DEFUN LIMN/PDF-MODE::%CURRENT-PDF-PATH
;     (GETHASH BID LIMN/PDF-MODE::*BUFFER-ID-TO-PATH*)
; 
; caught WARNING:
;   undefined variable: LIMN/PDF-MODE::*BUFFER-ID-TO-PATH*
; 
; compilation unit finished
;   Undefined variable:
;     LIMN/PDF-MODE::*BUFFER-ID-TO-PATH*
;   caught 2 WARNING conditions
;   printed 6 notes

── W02 數字 prefix 跳頁 ──
  page-count = NIL
  ✗ setup: tutorial.pdf has > 5 pages   [page-count=NIL]

── A: 12g ──
While evaluating the form starting at line 54, column 0
  of #P"/host-tmp/w02-driver.lisp":
Unhandled TYPE-ERROR in thread #<SB-THREAD:THREAD tid=1 "main thread" RUNNING
                                  {1000400003}>:
  The value
    NIL
  is not of type
    NUMBER

Backtrace for: #<SB-THREAD:THREAD tid=1 "main thread" RUNNING {1000400003}>
0: (SB-KERNEL:TWO-ARG-- NIL 1)
1: ((LAMBDA NIL :IN "/host-tmp/w02-driver.lisp"))
2: (SB-INT:SIMPLE-EVAL-IN-LEXENV (LET* ((SOCK (FORMAT NIL "/tmp/limn-w02-~a" (SB-POSIX:GETPID))) (LIMN-BIN (OR (SB-POSIX:GETENV "LIMN_BIN") "/limn/sioyek/limn")) (PROC (RUN-PROGRAM LIMN-BIN (LIST "--test-mode" "--socket" SOCK) :WAIT NIL :SEARCH NIL :OUTPUT "/tmp/limn-w02.log" :IF-OUTPUT-EXISTS :SUPERSEDE :ERROR ...))) (DECLARE (IGNORE PROC)) (LOOP REPEAT 100 UNTIL (PROBE-FILE SOCK) DO (SLEEP 0.05)) (LIMN:START SOCK) (WAIT-FOR-WINDOW "Limn" :TIMEOUT 5) (SLEEP 0.5) (XDOTOOL "search" "--name" "Limn" "windowactivate") (SLEEP 0.3) (SAFE-CALL "bridge/engine-load" :|engine| "mupdf" :|path| "/limn/sioyek/tutorial.pdf" :|win-id| "w1") (SLEEP 0.5) (LET ((PC (PAGE-COUNT))) (FORMAT T "  page-count = ~a~%" PC) (CHECK "setup: tutorial.pdf has > 5 pages" (AND PC (> PC 5)) (FORMAT NIL "page-count=~a" PC))) ...) #<NULL-LEXENV>)
3: (EVAL-TLF (LET* ((SOCK (FORMAT NIL "/tmp/limn-w02-~a" (SB-POSIX:GETPID))) (LIMN-BIN (OR (SB-POSIX:GETENV "LIMN_BIN") "/limn/sioyek/limn")) (PROC (RUN-PROGRAM LIMN-BIN (LIST "--test-mode" "--socket" SOCK) :WAIT NIL :SEARCH NIL :OUTPUT "/tmp/limn-w02.log" :IF-OUTPUT-EXISTS :SUPERSEDE :ERROR ...))) (DECLARE (IGNORE PROC)) (LOOP REPEAT 100 UNTIL (PROBE-FILE SOCK) DO (SLEEP 0.05)) (LIMN:START SOCK) (WAIT-FOR-WINDOW "Limn" :TIMEOUT 5) (SLEEP 0.5) (XDOTOOL "search" "--name" "Limn" "windowactivate") (SLEEP 0.3) (SAFE-CALL "bridge/engine-load" :|engine| "mupdf" :|path| "/limn/sioyek/tutorial.pdf" :|win-id| "w1") (SLEEP 0.5) (LET ((PC (PAGE-COUNT))) (FORMAT T "  page-count = ~a~%" PC) (CHECK "setup: tutorial.pdf has > 5 pages" (AND PC (> PC 5)) (FORMAT NIL "page-count=~a" PC))) ...) 17 NIL)
4: ((LABELS SB-FASL::EVAL-FORM :IN SB-INT:LOAD-AS-SOURCE) (LET* ((SOCK (FORMAT NIL "/tmp/limn-w02-~a" (SB-POSIX:GETPID))) (LIMN-BIN (OR (SB-POSIX:GETENV "LIMN_BIN") "/limn/sioyek/limn")) (PROC (RUN-PROGRAM LIMN-BIN (LIST "--test-mode" "--socket" SOCK) :WAIT NIL :SEARCH NIL :OUTPUT "/tmp/limn-w02.log" :IF-OUTPUT-EXISTS :SUPERSEDE :ERROR ...))) (DECLARE (IGNORE PROC)) (LOOP REPEAT 100 UNTIL (PROBE-FILE SOCK) DO (SLEEP 0.05)) (LIMN:START SOCK) (WAIT-FOR-WINDOW "Limn" :TIMEOUT 5) (SLEEP 0.5) (XDOTOOL "search" "--name" "Limn" "windowactivate") (SLEEP 0.3) (SAFE-CALL "bridge/engine-load" :|engine| "mupdf" :|path| "/limn/sioyek/tutorial.pdf" :|win-id| "w1") (SLEEP 0.5) (LET ((PC (PAGE-COUNT))) (FORMAT T "  page-count = ~a~%" PC) (CHECK "setup: tutorial.pdf has > 5 pages" (AND PC (> PC 5)) (FORMAT NIL "page-count=~a" PC))) ...) 17)
5: ((LAMBDA (SB-KERNEL:FORM &KEY :CURRENT-INDEX &ALLOW-OTHER-KEYS) :IN SB-INT:LOAD-AS-SOURCE) (LET* ((SOCK (FORMAT NIL "/tmp/limn-w02-~a" (SB-POSIX:GETPID))) (LIMN-BIN (OR (SB-POSIX:GETENV "LIMN_BIN") "/limn/sioyek/limn")) (PROC (RUN-PROGRAM LIMN-BIN (LIST "--test-mode" "--socket" SOCK) :WAIT NIL :SEARCH NIL :OUTPUT "/tmp/limn-w02.log" :IF-OUTPUT-EXISTS :SUPERSEDE :ERROR ...))) (DECLARE (IGNORE PROC)) (LOOP REPEAT 100 UNTIL (PROBE-FILE SOCK) DO (SLEEP 0.05)) (LIMN:START SOCK) (WAIT-FOR-WINDOW "Limn" :TIMEOUT 5) (SLEEP 0.5) (XDOTOOL "search" "--name" "Limn" "windowactivate") (SLEEP 0.3) (SAFE-CALL "bridge/engine-load" :|engine| "mupdf" :|path| "/limn/sioyek/tutorial.pdf" :|win-id| "w1") (SLEEP 0.5) (LET ((PC (PAGE-COUNT))) (FORMAT T "  page-count = ~a~%" PC) (CHECK "setup: tutorial.pdf has > 5 pages" (AND PC (> PC 5)) (FORMAT NIL "page-count=~a" PC))) ...) :CURRENT-INDEX 17)
6: (SB-C::%DO-FORMS-FROM-INFO #<FUNCTION (LAMBDA (SB-KERNEL:FORM &KEY :CURRENT-INDEX &ALLOW-OTHER-KEYS) :IN SB-INT:LOAD-AS-SOURCE) {FFFFA6820C6B}> #<SB-C::SOURCE-INFO {1001929BE3}> SB-C::INPUT-ERROR-IN-LOAD)
7: (SB-INT:LOAD-AS-SOURCE #<SB-INT:FORM-TRACKING-STREAM for "file /host-tmp/w02-driver.lisp" {1000401B43}> :VERBOSE NIL :PRINT NIL :CONTEXT "loading")
8: ((LABELS SB-FASL::LOAD-STREAM-1 :IN LOAD) #<SB-INT:FORM-TRACKING-STREAM for "file /host-tmp/w02-driver.lisp" {1000401B43}> NIL)
9: (SB-FASL::CALL-WITH-LOAD-BINDINGS #<FUNCTION (LABELS SB-FASL::LOAD-STREAM-1 :IN LOAD) {FFFFA682084B}> #<SB-INT:FORM-TRACKING-STREAM for "file /host-tmp/w02-driver.lisp" {1000401B43}> NIL #<SB-INT:FORM-TRACKING-STREAM for "file /host-tmp/w02-driver.lisp" {1000401B43}>)
10: (LOAD #P"/host-tmp/w02-driver.lisp" :VERBOSE NIL :PRINT NIL :IF-DOES-NOT-EXIST :ERROR :EXTERNAL-FORMAT :DEFAULT)
11: (SB-IMPL::PROCESS-EVAL/LOAD-OPTIONS ((:LOAD . "/host-tmp/w02-driver.lisp") (:QUIT)))
12: (SB-IMPL::TOPLEVEL-INIT)
13: ((FLET SB-UNIX::BODY :IN SB-IMPL::START-LISP))
14: ((FLET "WITHOUT-INTERRUPTS-BODY-3" :IN SB-IMPL::START-LISP))
15: (SB-IMPL::%START-LISP)

unhandled condition in --disable-debugger mode, quitting
